[debug] [2026-05-27T14:29:53.943Z] ----------------------------------------------------------------------
[debug] [2026-05-27T14:29:53.948Z] Command:       C:\Program Files\nodejs\node.exe C:\Users\lemin\AppData\Roaming\npm\node_modules\firebase-tools\lib\bin\firebase.js init
[debug] [2026-05-27T14:29:53.949Z] CLI Version:   15.18.0
[debug] [2026-05-27T14:29:53.949Z] Platform:      win32
[debug] [2026-05-27T14:29:53.949Z] Node Version:  v22.18.0
[debug] [2026-05-27T14:29:53.950Z] Time:          Wed May 27 2026 21:29:53 GMT+0700 (Indochina Time)
[debug] [2026-05-27T14:29:53.950Z] ----------------------------------------------------------------------
[debug] 
[info] 
     ######## #### ########  ######## ########     ###     ######  ########
     ##        ##  ##     ## ##       ##     ##  ##   ##  ##       ##
     ######    ##  ########  ######   ########  #########  ######  ######
     ##        ##  ##    ##  ##       ##     ## ##     ##       ## ##
     ##       #### ##     ## ######## ########  ##     ##  ######  ########

You're about to initialize a Firebase project in this directory:

  D:\laptrinhmang\baitap deploy\fe

[info] 
=== Project Setup
[info] 
[info] First, let's associate this project directory with a Firebase project.
[info] You can create multiple project aliases by running firebase use --add, 
[info] 
[info] i  If you want to create a project in a Google Cloud organization or folder, please use "firebase projects:create" instead, and return to this command when you've created the project. 
[debug] [2026-05-27T14:31:35.208Z] > command requires scopes: ["email","openid","https://www.googleapis.com/auth/cloudplatformprojects.readonly","https://www.googleapis.com/auth/firebase","https://www.googleapis.com/auth/cloud-platform"]
[debug] [2026-05-27T14:31:35.209Z] > authorizing via signed-in user (leminhhlls2002@gmail.com)
[debug] [2026-05-27T14:32:01.071Z] Checked if tokens are valid: true, expires at: 1779895773573
[debug] [2026-05-27T14:32:01.071Z] Checked if tokens are valid: true, expires at: 1779895773573
[debug] [2026-05-27T14:32:01.075Z] >>> [apiv2][query] POST https://firebase.googleapis.com/v1/projects:checkProjectId [none]
[debug] [2026-05-27T14:32:01.076Z] >>> [apiv2][body] POST https://firebase.googleapis.com/v1/projects:checkProjectId {"proposedId":"it4409-20205002-fullstack-web"}
[debug] [2026-05-27T14:32:01.732Z] <<< [apiv2][status] POST https://firebase.googleapis.com/v1/projects:checkProjectId 200
[debug] [2026-05-27T14:32:01.733Z] <<< [apiv2][body] POST https://firebase.googleapis.com/v1/projects:checkProjectId {"projectIdStatus":"PROJECT_ID_AVAILABLE","suggestedProjectId":"it4409-20205002-fullstack-web"}
[debug] [2026-05-27T14:32:05.398Z] Checked if tokens are valid: true, expires at: 1779895773573
[debug] [2026-05-27T14:32:05.399Z] Checked if tokens are valid: true, expires at: 1779895773573
[debug] [2026-05-27T14:32:05.400Z] >>> [apiv2][query] POST https://cloudresourcemanager.googleapis.com/v1/projects [none]
[debug] [2026-05-27T14:32:05.401Z] >>> [apiv2][body] POST https://cloudresourcemanager.googleapis.com/v1/projects {"projectId":"it4409-20205002-fullstack-web","name":"it4409-20205002-fullstack-web"}
[debug] [2026-05-27T14:32:06.746Z] <<< [apiv2][status] POST https://cloudresourcemanager.googleapis.com/v1/projects 200
[debug] [2026-05-27T14:32:06.747Z] <<< [apiv2][body] POST https://cloudresourcemanager.googleapis.com/v1/projects {"name":"operations/create_project.global.7394875950929122201"}
[debug] [2026-05-27T14:32:06.751Z] Checked if tokens are valid: true, expires at: 1779895773573
[debug] [2026-05-27T14:32:06.752Z] Checked if tokens are valid: true, expires at: 1779895773573
[debug] [2026-05-27T14:32:06.753Z] >>> [apiv2][query] GET https://cloudresourcemanager.googleapis.com/v1/operations/create_project.global.7394875950929122201 [none]
[debug] [2026-05-27T14:32:07.665Z] <<< [apiv2][status] GET https://cloudresourcemanager.googleapis.com/v1/operations/create_project.global.7394875950929122201 200
[debug] [2026-05-27T14:32:07.666Z] <<< [apiv2][body] GET https://cloudresourcemanager.googleapis.com/v1/operations/create_project.global.7394875950929122201 {"name":"operations/create_project.global.7394875950929122201","metadata":{"@type":"type.googleapis.com/google.cloudresourcemanager.v1.ProjectCreationStatus","ready":true},"done":true,"error":{"code":9,"message":"Callers must accept Terms of Service","details":[{"@type":"type.googleapis.com/google.rpc.PreconditionFailure","violations":[{"type":"TOS","subject":"cloud","description":"Callers must accept Terms of Service"}]}]}}
[debug] [2026-05-27T14:32:07.983Z] FirebaseError: Callers must accept Terms of Service
    at OperationPoller.poll (C:\Users\lemin\AppData\Roaming\npm\node_modules\firebase-tools\lib\operation-poller.js:25:19)
    at process.processTicksAndRejections (node:internal/process/task_queues:105:5)
    at async createCloudProject (C:\Users\lemin\AppData\Roaming\npm\node_modules\firebase-tools\lib\management\projects.js:237:29)
    at async createFirebaseProjectAndLog (C:\Users\lemin\AppData\Roaming\npm\node_modules\firebase-tools\lib\management\projects.js:102:9)
    at async Object.doSetup (C:\Users\lemin\AppData\Roaming\npm\node_modules\firebase-tools\lib\init\features\project.js:64:24)
    at async init (C:\Users\lemin\AppData\Roaming\npm\node_modules\firebase-tools\lib\init\index.js:98:13)
    at async Command.initAction [as actionFn] (C:\Users\lemin\AppData\Roaming\npm\node_modules\firebase-tools\lib\commands\init.js:232:5)
[error] 
[error] Error: Failed to create project. See firebase-debug.log for more info.
